FILE_TYPE=LIBRARY_PARTS;
PRIMITIVE 'RSCSK2243R3D02008U','RSCSK2243R3D02008U_Other';
  PIN
    '+':
      PIN_NUMBER='(1)';
      NO_LOAD_CHECK=BOTH;
      NO_IO_CHECK=BOTH;
      ALLOW_CONNECT=TRUE;
      PINUSE='UNSPEC';
    '-':
      PIN_NUMBER='(2)';
      NO_LOAD_CHECK=BOTH;
      NO_IO_CHECK=BOTH;
      ALLOW_CONNECT=TRUE;
      PINUSE='UNSPEC';
  END_PIN;
  BODY
    PART_NAME='RSCSK2243R3D02008U';
    PHYS_DES_PREFIX='C';
    NO_LOAD_CHECK='TRUE';
    PIN_COUNT='2';
    BODY_NAME='RSCSK2243R3D02008U';
    JEDEC_TYPE='RSCSK2243R3D02008U';
  END_BODY;
END_PRIMITIVE;
END.
